
> job-board-dashboard@0.1.0 build
> next build --webpack

▲ Next.js 16.2.10 (webpack)

  Creating an optimized production build ...
⚠ Compiled with warnings in 12.7s

../../../../dashboard/node_modules/unpdf/dist/index.mjs
Critical dependency: Accessing import.meta directly is unsupported (only property access or destructuring is supported)

Import trace for requested module:
../../../../dashboard/node_modules/unpdf/dist/index.mjs
./lib/rolefit/parseProfile.ts
./lib/rolefit/resumeClient.ts
./app/api/resume/route.ts

✓ Compiled successfully in 15.5s
  Running TypeScript ...
  Finished TypeScript in 24.1s ...
  Collecting page data using 4 workers ...
  Generating static pages using 4 workers (0/8) ...
  Generating static pages using 4 workers (2/8) 
  Generating static pages using 4 workers (4/8) 
  Generating static pages using 4 workers (6/8) 
✓ Generating static pages using 4 workers (8/8) in 321ms
  Finalizing page optimization ...
  Collecting build traces ...

Route (app)
┌ ƒ /
├ ○ /_not-found
├ ƒ /admin/classification
├ ƒ /admin/invites
├ ƒ /admin/tenants
├ ƒ /analytics
├ ƒ /api/account/export
├ ƒ /api/admin/classification-jobs
├ ƒ /api/application/package
├ ƒ /api/application/prepare
├ ƒ /api/board-filters
├ ƒ /api/cover-letter
├ ƒ /api/generations
├ ƒ /api/jobs/[id]
├ ƒ /api/resume
├ ƒ /api/resume/extract
├ ƒ /api/review/request
├ ƒ /api/stripe/checkout
├ ƒ /api/stripe/portal
├ ƒ /api/stripe/webhook
├ ƒ /auth/confirm
├ ƒ /auth/signout
├ ƒ /billing
├ ƒ /board
├ ƒ /companies
├ ƒ /feedback
├ ƒ /login
├ ƒ /onboarding
├ ○ /privacy
├ ƒ /profile
├ ƒ /profile/account
├ ƒ /profile/advanced
├ ƒ /profile/application-details
├ ƒ /profile/application-personalization
├ ƒ /profile/job-preferences
├ ƒ /profile/resume
├ ƒ /reset-password
├ ƒ /reset-password/update
├ ƒ /signup
├ ○ /terms
├ ○ /ui-gallery
└ ƒ /ui-gallery/states/[state]


ƒ Proxy (Middleware)

○  (Static)   prerendered as static content
ƒ  (Dynamic)  server-rendered on demand

